Sketch uses 307808 bytes (23%) of program storage space. Maximum is 1310720 bytes.
Global variables use 12880 bytes (3%) of dynamic memory, leaving 314800 bytes for local variables. Maximum is 327680 bytes.
